// Jest Snapshot v1, https://goo.gl/fbAQLP

exports[`Pruebas en <GifItem /> Debe de hacer match con el snapshot 1`] = `
<div>
  <div
    class="card"
  >
    <img
      alt="Bocchi"
      src="https://bocchi-the-rock.cl/bocchi.jpg"
    />
    <p>
      Bocchi
    </p>
  </div>
</div>
`;
